Archive member included to satisfy reference by file (symbol)

c:/at32ide/platform/tools/gcc-arm-none-eabi-10.3-2021.10/bin/../lib/gcc/arm-none-eabi/10.3.1/../../../../arm-none-eabi/lib/thumb/v7e-m/nofp\libc_nano.a(lib_a-exit.o)
                              c:/at32ide/platform/tools/gcc-arm-none-eabi-10.3-2021.10/bin/../lib/gcc/arm-none-eabi/10.3.1/../../../../arm-none-eabi/lib/thumb/v7e-m/nofp/crt0.o (exit)
c:/at32ide/platform/tools/gcc-arm-none-eabi-10.3-2021.10/bin/../lib/gcc/arm-none-eabi/10.3.1/../../../../arm-none-eabi/lib/thumb/v7e-m/nofp\libc_nano.a(lib_a-impure.o)
                              c:/at32ide/platform/tools/gcc-arm-none-eabi-10.3-2021.10/bin/../lib/gcc/arm-none-eabi/10.3.1/../../../../arm-none-eabi/lib/thumb/v7e-m/nofp\libc_nano.a(lib_a-exit.o) (_global_impure_ptr)
c:/at32ide/platform/tools/gcc-arm-none-eabi-10.3-2021.10/bin/../lib/gcc/arm-none-eabi/10.3.1/../../../../arm-none-eabi/lib/thumb/v7e-m/nofp\libc_nano.a(lib_a-init.o)
                              c:/at32ide/platform/tools/gcc-arm-none-eabi-10.3-2021.10/bin/../lib/gcc/arm-none-eabi/10.3.1/../../../../arm-none-eabi/lib/thumb/v7e-m/nofp/crt0.o (__libc_init_array)
c:/at32ide/platform/tools/gcc-arm-none-eabi-10.3-2021.10/bin/../lib/gcc/arm-none-eabi/10.3.1/../../../../arm-none-eabi/lib/thumb/v7e-m/nofp\libc_nano.a(lib_a-memcpy-stub.o)
                              build/queue.o (memcpy)
c:/at32ide/platform/tools/gcc-arm-none-eabi-10.3-2021.10/bin/../lib/gcc/arm-none-eabi/10.3.1/../../../../arm-none-eabi/lib/thumb/v7e-m/nofp\libc_nano.a(lib_a-memset.o)
                              c:/at32ide/platform/tools/gcc-arm-none-eabi-10.3-2021.10/bin/../lib/gcc/arm-none-eabi/10.3.1/../../../../arm-none-eabi/lib/thumb/v7e-m/nofp/crt0.o (memset)
c:/at32ide/platform/tools/gcc-arm-none-eabi-10.3-2021.10/bin/../lib/gcc/arm-none-eabi/10.3.1/../../../../arm-none-eabi/lib/thumb/v7e-m/nofp\libnosys.a(_exit.o)
                              c:/at32ide/platform/tools/gcc-arm-none-eabi-10.3-2021.10/bin/../lib/gcc/arm-none-eabi/10.3.1/../../../../arm-none-eabi/lib/thumb/v7e-m/nofp\libc_nano.a(lib_a-exit.o) (_exit)
c:/at32ide/platform/tools/gcc-arm-none-eabi-10.3-2021.10/bin/../lib/gcc/arm-none-eabi/10.3.1/thumb/v7e-m/nofp\libgcc.a(_aeabi_uldivmod.o)
                              build/system_at32f435_437.o (__aeabi_uldivmod)
c:/at32ide/platform/tools/gcc-arm-none-eabi-10.3-2021.10/bin/../lib/gcc/arm-none-eabi/10.3.1/thumb/v7e-m/nofp\libgcc.a(_udivmoddi4.o)
                              c:/at32ide/platform/tools/gcc-arm-none-eabi-10.3-2021.10/bin/../lib/gcc/arm-none-eabi/10.3.1/thumb/v7e-m/nofp\libgcc.a(_aeabi_uldivmod.o) (__udivmoddi4)
c:/at32ide/platform/tools/gcc-arm-none-eabi-10.3-2021.10/bin/../lib/gcc/arm-none-eabi/10.3.1/thumb/v7e-m/nofp\libgcc.a(_dvmd_tls.o)
                              c:/at32ide/platform/tools/gcc-arm-none-eabi-10.3-2021.10/bin/../lib/gcc/arm-none-eabi/10.3.1/thumb/v7e-m/nofp\libgcc.a(_aeabi_uldivmod.o) (__aeabi_ldiv0)

Discarded input sections

 .text          0x00000000        0x0 c:/at32ide/platform/tools/gcc-arm-none-eabi-10.3-2021.10/bin/../lib/gcc/arm-none-eabi/10.3.1/thumb/v7e-m/nofp/crti.o
 .data          0x00000000        0x0 c:/at32ide/platform/tools/gcc-arm-none-eabi-10.3-2021.10/bin/../lib/gcc/arm-none-eabi/10.3.1/thumb/v7e-m/nofp/crti.o
 .bss           0x00000000        0x0 c:/at32ide/platform/tools/gcc-arm-none-eabi-10.3-2021.10/bin/../lib/gcc/arm-none-eabi/10.3.1/thumb/v7e-m/nofp/crti.o
 .data          0x00000000        0x4 c:/at32ide/platform/tools/gcc-arm-none-eabi-10.3-2021.10/bin/../lib/gcc/arm-none-eabi/10.3.1/thumb/v7e-m/nofp/crtbegin.o
 .rodata        0x00000000       0x24 c:/at32ide/platform/tools/gcc-arm-none-eabi-10.3-2021.10/bin/../lib/gcc/arm-none-eabi/10.3.1/thumb/v7e-m/nofp/crtbegin.o
 .text          0x00000000       0x7c c:/at32ide/platform/tools/gcc-arm-none-eabi-10.3-2021.10/bin/../lib/gcc/arm-none-eabi/10.3.1/../../../../arm-none-eabi/lib/thumb/v7e-m/nofp/crt0.o
 .data          0x00000000        0x0 c:/at32ide/platform/tools/gcc-arm-none-eabi-10.3-2021.10/bin/../lib/gcc/arm-none-eabi/10.3.1/../../../../arm-none-eabi/lib/thumb/v7e-m/nofp/crt0.o
 .bss           0x00000000        0x0 c:/at32ide/platform/tools/gcc-arm-none-eabi-10.3-2021.10/bin/../lib/gcc/arm-none-eabi/10.3.1/../../../../arm-none-eabi/lib/thumb/v7e-m/nofp/crt0.o
 .ARM.extab     0x00000000        0x0 c:/at32ide/platform/tools/gcc-arm-none-eabi-10.3-2021.10/bin/../lib/gcc/arm-none-eabi/10.3.1/../../../../arm-none-eabi/lib/thumb/v7e-m/nofp/crt0.o
 .ARM.exidx     0x00000000       0x10 c:/at32ide/platform/tools/gcc-arm-none-eabi-10.3-2021.10/bin/../lib/gcc/arm-none-eabi/10.3.1/../../../../arm-none-eabi/lib/thumb/v7e-m/nofp/crt0.o
 .ARM.attributes
                0x00000000       0x1c c:/at32ide/platform/tools/gcc-arm-none-eabi-10.3-2021.10/bin/../lib/gcc/arm-none-eabi/10.3.1/../../../../arm-none-eabi/lib/thumb/v7e-m/nofp/crt0.o
 .text          0x00000000        0x0 build/system_at32f435_437.o
[...]
Memory Configuration

Name             Origin             Length             Attributes
FLASH            0x08000000         0x003f0000         xr
RAM              0x20000000         0x00060000         xrw
*default*        0x00000000         0xffffffff

Linker script and memory map

LOAD c:/at32ide/platform/tools/gcc-arm-none-eabi-10.3-2021.10/bin/../lib/gcc/arm-none-eabi/10.3.1/thumb/v7e-m/nofp/crti.o
LOAD c:/at32ide/platform/tools/gcc-arm-none-eabi-10.3-2021.10/bin/../lib/gcc/arm-none-eabi/10.3.1/thumb/v7e-m/nofp/crtbegin.o
LOAD c:/at32ide/platform/tools/gcc-arm-none-eabi-10.3-2021.10/bin/../lib/gcc/arm-none-eabi/10.3.1/../../../../arm-none-eabi/lib/thumb/v7e-m/nofp/crt0.o
LOAD build/system_at32f435_437.o
LOAD build/at32f435_437_acc.o
LOAD build/at32f435_437_adc.o
LOAD build/at32f435_437_can.o
LOAD build/at32f435_437_crc.o
LOAD build/at32f435_437_crm.o
LOAD build/at32f435_437_dac.o
LOAD build/at32f435_437_debug.o
LOAD build/at32f435_437_dma.o
LOAD build/at32f435_437_dvp.o
LOAD build/at32f435_437_edma.o
LOAD build/at32f435_437_emac.o
LOAD build/at32f435_437_ertc.o
LOAD build/at32f435_437_exint.o
LOAD build/at32f435_437_flash.o
LOAD build/at32f435_437_gpio.o
LOAD build/at32f435_437_i2c.o
LOAD build/at32f435_437_misc.o
LOAD build/at32f435_437_pwc.o
LOAD build/at32f435_437_qspi.o
LOAD build/at32f435_437_scfg.o
LOAD build/at32f435_437_sdio.o
LOAD build/at32f435_437_spi.o
LOAD build/at32f435_437_tmr.o
LOAD build/at32f435_437_usart.o
LOAD build/at32f435_437_usb.o
LOAD build/at32f435_437_wdt.o
LOAD build/at32f435_437_wwdt.o
LOAD build/at32f435_437_xmc.o
LOAD build/croutine.o
LOAD build/event_groups.o
LOAD build/list.o
LOAD build/queue.o
LOAD build/stream_buffer.o
LOAD build/tasks.o
LOAD build/timers.o
LOAD build/heap_4.o
LOAD build/at32f435_437_clock.o
LOAD build/at32f435_437_int.o
LOAD build/main.o
LOAD build/startup_at32f435_437.o
LOAD c:/at32ide/platform/tools/gcc-arm-none-eabi-10.3-2021.10/bin/../lib/gcc/arm-none-eabi/10.3.1/../../../../arm-none-eabi/lib/thumb/v7e-m/nofp\libc_nano.a
LOAD c:/at32ide/platform/tools/gcc-arm-none-eabi-10.3-2021.10/bin/../lib/gcc/arm-none-eabi/10.3.1/../../../../arm-none-eabi/lib/thumb/v7e-m/nofp\libm.a
LOAD c:/at32ide/platform/tools/gcc-arm-none-eabi-10.3-2021.10/bin/../lib/gcc/arm-none-eabi/10.3.1/../../../../arm-none-eabi/lib/thumb/v7e-m/nofp\libnosys.a
START GROUP
LOAD c:/at32ide/platform/tools/gcc-arm-none-eabi-10.3-2021.10/bin/../lib/gcc/arm-none-eabi/10.3.1/thumb/v7e-m/nofp\libgcc.a
LOAD c:/at32ide/platform/tools/gcc-arm-none-eabi-10.3-2021.10/bin/../lib/gcc/arm-none-eabi/10.3.1/../../../../arm-none-eabi/lib/thumb/v7e-m/nofp\libc_nano.a
END GROUP
START GROUP
LOAD c:/at32ide/platform/tools/gcc-arm-none-eabi-10.3-2021.10/bin/../lib/gcc/arm-none-eabi/10.3.1/thumb/v7e-m/nofp\libgcc.a
LOAD c:/at32ide/platform/tools/gcc-arm-none-eabi-10.3-2021.10/bin/../lib/gcc/arm-none-eabi/10.3.1/../../../../arm-none-eabi/lib/thumb/v7e-m/nofp\libc_nano.a
END GROUP
LOAD c:/at32ide/platform/tools/gcc-arm-none-eabi-10.3-2021.10/bin/../lib/gcc/arm-none-eabi/10.3.1/thumb/v7e-m/nofp/crtend.o
LOAD c:/at32ide/platform/tools/gcc-arm-none-eabi-10.3-2021.10/bin/../lib/gcc/arm-none-eabi/10.3.1/thumb/v7e-m/nofp/crtn.o
                0x20060000                _estack = 0x20060000
                0x00000200                _Min_Heap_Size = 0x200
                0x00000400                _Min_Stack_Size = 0x400

.isr_vector     0x08000000      0x20c
                0x08000000                . = ALIGN (0x4)
 *(.isr_vector)
 .isr_vector    0x08000000      0x20c build/startup_at32f435_437.o
                0x08000000                g_pfnVectors
                0x0800020c                . = ALIGN (0x4)

.text           0x0800020c      0x7d8
                0x0800020c                . = ALIGN (0x4)
 *(.text)
 .text          0x0800020c       0x40 c:/at32ide/platform/tools/gcc-arm-none-eabi-10.3-2021.10/bin/../lib/gcc/arm-none-eabi/10.3.1/thumb/v7e-m/nofp/crtbegin.o
 .text          0x0800024c       0x30 c:/at32ide/platform/tools/gcc-arm-none-eabi-10.3-2021.10/bin/../lib/gcc/arm-none-eabi/10.3.1/thumb/v7e-m/nofp\libgcc.a(_aeabi_uldivmod.o)
                0x0800024c                __aeabi_uldivmod
 .text          0x0800027c      0x2d0 c:/at32ide/platform/tools/gcc-arm-none-eabi-10.3-2021.10/bin/../lib/gcc/arm-none-eabi/10.3.1/thumb/v7e-m/nofp\libgcc.a(_udivmoddi4.o)
                0x0800027c                __udivmoddi4
 .text          0x0800054c        0x4 c:/at32ide/platform/tools/gcc-arm-none-eabi-10.3-2021.10/bin/../lib/gcc/arm-none-eabi/10.3.1/thumb/v7e-m/nofp\libgcc.a(_dvmd_tls.o)
                0x0800054c                __aeabi_idiv0
                0x0800054c                __aeabi_ldiv0
 *(.text*)
 .text.SystemInit
                0x08000550       0x60 build/system_at32f435_437.o
                0x08000550                SystemInit
 .text.system_core_clock_update
                0x080005b0       0xd4 build/system_at32f435_437.o
                0x080005b0                system_core_clock_update
 .text.crm_reset
                0x08000684       0x54 build/at32f435_437_crm.o
                0x08000684                crm_reset
 .text.crm_flag_get
                0x080006d8       0x24 build/at32f435_437_crm.o
                0x080006d8                crm_flag_get
 .text.crm_hext_stable_wait
                0x080006fc       0x26 build/at32f435_437_crm.o
                0x080006fc                crm_hext_stable_wait
 .text.crm_periph_clock_enable
                0x08000722       0x3c build/at32f435_437_crm.o
                0x08000722                crm_periph_clock_enable
 *fill*         0x0800075e        0x2 
 .text.crm_clock_source_enable
                0x08000760       0x50 build/at32f435_437_crm.o
                0x08000760                crm_clock_source_enable
 .text.crm_ahb_div_set
                0x080007b0       0x10 build/at32f435_437_crm.o
                0x080007b0                crm_ahb_div_set
 .text.crm_apb1_div_set
                0x080007c0       0x10 build/at32f435_437_crm.o
                0x080007c0                crm_apb1_div_set
 .text.crm_apb2_div_set
                0x080007d0       0x10 build/at32f435_437_crm.o
                0x080007d0                crm_apb2_div_set
 .text.crm_auto_step_mode_enable
                0x080007e0       0x28 build/at32f435_437_crm.o
                0x080007e0                crm_auto_step_mode_enable
 .text.crm_pll_config
                0x08000808       0x40 build/at32f435_437_crm.o
                0x08000808                crm_pll_config
 .text.crm_sysclk_switch
                0x08000848       0x38 build/at32f435_437_crm.o
                0x08000848                crm_sysclk_switch
 .text.crm_sysclk_switch_status_get
                0x08000880       0x10 build/at32f435_437_crm.o
                0x08000880                crm_sysclk_switch_status_get
 .text.system_clock_config
                0x08000890       0x8c build/at32f435_437_clock.o
                0x08000890                system_clock_config
 .text.NMI_Handler
                0x0800091c        0x2 build/at32f435_437_int.o
                0x0800091c                NMI_Handler
 .text.HardFault_Handler
                0x0800091e        0x2 build/at32f435_437_int.o
                0x0800091e                HardFault_Handler
 .text.MemManage_Handler
                0x08000920        0x2 build/at32f435_437_int.o
                0x08000920                MemManage_Handler
 .text.BusFault_Handler
                0x08000922        0x2 build/at32f435_437_int.o
                0x08000922                BusFault_Handler
 .text.UsageFault_Handler
                0x08000924        0x2 build/at32f435_437_int.o
                0x08000924                UsageFault_Handler
 .text.SVC_Handler
                0x08000926        0x2 build/at32f435_437_int.o
                0x08000926                SVC_Handler
 .text.DebugMon_Handler
                0x08000928        0x2 build/at32f435_437_int.o
                0x08000928                DebugMon_Handler
 .text.PendSV_Handler
                0x0800092a        0x2 build/at32f435_437_int.o
                0x0800092a                PendSV_Handler
 .text.SysTick_Handler
                0x0800092c        0x2 build/at32f435_437_int.o
                0x0800092c                SysTick_Handler
 .text.main     0x0800092e        0x8 build/main.o
                0x0800092e                main
 *fill*         0x08000936        0x2 
 .text.Reset_Handler
                0x08000938       0x48 build/startup_at32f435_437.o
                0x08000938                Reset_Handler
 .text.Default_Handler
                0x08000980        0x2 build/startup_at32f435_437.o
                0x08000980                SDIO1_IRQHandler
                0x08000980                XMC_IRQHandler
                0x08000980                EXINT2_IRQHandler
                0x08000980                TMR20_TRG_HALL_IRQHandler
                0x08000980                UART8_IRQHandler
                0x08000980                SPI4_IRQHandler
                0x08000980                I2C2_EVT_IRQHandler
                0x08000980                TMR20_CH_IRQHandler
                0x08000980                TMR1_OVF_TMR10_IRQHandler
                0x08000980                TMR8_TRG_HALL_TMR14_IRQHandler
                0x08000980                I2C1_ERR_IRQHandler
                0x08000980                EXINT9_5_IRQHandler
                0x08000980                TAMP_STAMP_IRQHandler
                0x08000980                EMAC_IRQHandler
                0x08000980                EDMA_Stream7_IRQHandler
                0x08000980                CAN2_RX1_IRQHandler
                0x08000980                TMR5_GLOBAL_IRQHandler
                0x08000980                TMR20_OVF_IRQHandler
                0x08000980                EDMA_Stream2_IRQHandler
                0x08000980                CAN1_RX0_IRQHandler
                0x08000980                FPU_IRQHandler
                0x08000980                EDMA_Stream3_IRQHandler
                0x08000980                SDIO2_IRQHandler
                0x08000980                OTGFS2_IRQHandler
                0x08000980                SPI1_IRQHandler
                0x08000980                TMR6_DAC_GLOBAL_IRQHandler
                0x08000980                CAN2_RX0_IRQHandler
                0x08000980                OTGFS1_IRQHandler
                0x08000980                DMA2_Channel2_IRQHandler
                0x08000980                DMA1_Channel4_IRQHandler
                0x08000980                TMR8_CH_IRQHandler
                0x08000980                EDMA_Stream4_IRQHandler
                0x08000980                USART6_IRQHandler
                0x08000980                EXINT0_IRQHandler
                0x08000980                USART3_IRQHandler
                0x08000980                DMA1_Channel7_IRQHandler
                0x08000980                CAN1_RX1_IRQHandler
                0x08000980                DVP_IRQHandler
                0x08000980                UART5_IRQHandler
                0x08000980                ACC_IRQHandler
                0x08000980                DMAMUX_IRQHandler
                0x08000980                EMAC_WKUP_IRQHandler
                0x08000980                DMA2_Channel1_IRQHandler
                0x08000980                OTGFS2_WKUP_IRQHandler
                0x08000980                EXINT3_IRQHandler
                0x08000980                DMA1_Channel6_IRQHandler
                0x08000980                UART4_IRQHandler
                0x08000980                DMA2_Channel4_IRQHandler
                0x08000980                ERTCAlarm_IRQHandler
                0x08000980                DMA1_Channel1_IRQHandler
                0x08000980                Default_Handler
                0x08000980                DMA2_Channel7_IRQHandler
                0x08000980                TMR20_BRK_IRQHandler
                0x08000980                QSPI1_IRQHandler
                0x08000980                TMR3_GLOBAL_IRQHandler
                0x08000980                TMR7_GLOBAL_IRQHandler
                0x08000980                CAN1_SE_IRQHandler
                0x08000980                CAN2_TX_IRQHandler
                0x08000980                I2C3_ERR_IRQHandler
                0x08000980                SPI3_I2S3EXT_IRQHandler
                0x08000980                TMR1_BRK_TMR9_IRQHandler
                0x08000980                TMR8_BRK_TMR12_IRQHandler
                0x08000980                TMR1_TRG_HALL_TMR11_IRQHandler
                0x08000980                CAN1_TX_IRQHandler
                0x08000980                DMA2_Channel5_IRQHandler
                0x08000980                DMA1_Channel5_IRQHandler
                0x08000980                EDMA_Stream6_IRQHandler
                0x08000980                QSPI2_IRQHandler
                0x08000980                TMR4_GLOBAL_IRQHandler
                0x08000980                EXINT4_IRQHandler
                0x08000980                CAN2_SE_IRQHandler
                0x08000980                PVM_IRQHandler
                0x08000980                I2C3_EVT_IRQHandler
                0x08000980                DMA1_Channel3_IRQHandler
                0x08000980                I2C1_EVT_IRQHandler
                0x08000980                TMR8_OVF_TMR13_IRQHandler
                0x08000980                DMA2_Channel6_IRQHandler
                0x08000980                EDMA_Stream5_IRQHandler
                0x08000980                EDMA_Stream1_IRQHandler
                0x08000980                EXINT1_IRQHandler
                0x08000980                UART7_IRQHandler
                0x08000980                USART2_IRQHandler
                0x08000980                DMA1_Channel2_IRQHandler
                0x08000980                TMR2_GLOBAL_IRQHandler
                0x08000980                ERTC_WKUP_IRQHandler
                0x08000980                FLASH_IRQHandler
                0x08000980                SPI2_I2S2EXT_IRQHandler
                0x08000980                I2C2_ERR_IRQHandler
                0x08000980                USART1_IRQHandler
                0x08000980                TMR1_CH_IRQHandler
                0x08000980                CRM_IRQHandler
                0x08000980                EDMA_Stream8_IRQHandler
                0x08000980                OTGFS1_WKUP_IRQHandler
                0x08000980                EXINT15_10_IRQHandler
                0x08000980                ADC1_2_3_IRQHandler
                0x08000980                WWDT_IRQHandler
                0x08000980                DMA2_Channel3_IRQHandler
 *fill*         0x08000982        0x2 
 .text.__libc_init_array
                0x08000984       0x48 c:/at32ide/platform/tools/gcc-arm-none-eabi-10.3-2021.10/bin/../lib/gcc/arm-none-eabi/10.3.1/../../../../arm-none-eabi/lib/thumb/v7e-m/nofp\libc_nano.a(lib_a-init.o)
                0x08000984                __libc_init_array
 *(.glue_7)
 .glue_7        0x080009cc        0x0 linker stubs
 *(.glue_7t)
 .glue_7t       0x080009cc        0x0 linker stubs
 *(.eh_frame)
 .eh_frame      0x080009cc        0x0 c:/at32ide/platform/tools/gcc-arm-none-eabi-10.3-2021.10/bin/../lib/gcc/arm-none-eabi/10.3.1/thumb/v7e-m/nofp/crtbegin.o
 *(.init)
 .init          0x080009cc        0x4 c:/at32ide/platform/tools/gcc-arm-none-eabi-10.3-2021.10/bin/../lib/gcc/arm-none-eabi/10.3.1/thumb/v7e-m/nofp/crti.o
                0x080009cc                _init
 .init          0x080009d0        0x8 c:/at32ide/platform/tools/gcc-arm-none-eabi-10.3-2021.10/bin/../lib/gcc/arm-none-eabi/10.3.1/thumb/v7e-m/nofp/crtn.o
 *(.fini)
 .fini          0x080009d8        0x4 c:/at32ide/platform/tools/gcc-arm-none-eabi-10.3-2021.10/bin/../lib/gcc/arm-none-eabi/10.3.1/thumb/v7e-m/nofp/crti.o
                0x080009d8                _fini
 .fini          0x080009dc        0x8 c:/at32ide/platform/tools/gcc-arm-none-eabi-10.3-2021.10/bin/../lib/gcc/arm-none-eabi/10.3.1/thumb/v7e-m/nofp/crtn.o
                0x080009e4                . = ALIGN (0x4)
                0x080009e4                _etext = .

.vfp11_veneer   0x080009e4        0x0
 .vfp11_veneer  0x080009e4        0x0 linker stubs

.v4_bx          0x080009e4        0x0
 .v4_bx         0x080009e4        0x0 linker stubs

.iplt           0x080009e4        0x0
 .iplt          0x080009e4        0x0 c:/at32ide/platform/tools/gcc-arm-none-eabi-10.3-2021.10/bin/../lib/gcc/arm-none-eabi/10.3.1/thumb/v7e-m/nofp/crtbegin.o

.rodata         0x080009e4       0x18
                0x080009e4                . = ALIGN (0x4)
 *(.rodata)
 *(.rodata*)
 .rodata.pll_fr_table.1
                0x080009e4        0x6 build/system_at32f435_437.o
 *fill*         0x080009ea        0x2 
 .rodata.sys_ahb_div_table.0
                0x080009ec       0x10 build/system_at32f435_437.o
                0x080009fc                . = ALIGN (0x4)

.ARM.extab
 *(.ARM.extab* .gnu.linkonce.armextab.*)

.ARM            0x080009fc        0x8
                0x080009fc                __exidx_start = .
 *(.ARM.exidx*)
 .ARM.exidx     0x080009fc        0x8 c:/at32ide/platform/tools/gcc-arm-none-eabi-10.3-2021.10/bin/../lib/gcc/arm-none-eabi/10.3.1/thumb/v7e-m/nofp\libgcc.a(_udivmoddi4.o)
                0x08000a04                __exidx_end = .

.rel.dyn        0x08000a04        0x0
 .rel.iplt      0x08000a04        0x0 c:/at32ide/platform/tools/gcc-arm-none-eabi-10.3-2021.10/bin/../lib/gcc/arm-none-eabi/10.3.1/thumb/v7e-m/nofp/crtbegin.o

.preinit_array  0x08000a04        0x0
                0x08000a04                PROVIDE (__preinit_array_start = .)
 *(.preinit_array*)
                0x08000a04                PROVIDE (__preinit_array_end = .)

.init_array     0x08000a04        0x4
                0x08000a04                PROVIDE (__init_array_start = .)
 *(SORT_BY_NAME(.init_array.*))
 *(.init_array*)
 .init_array    0x08000a04        0x4 c:/at32ide/platform/tools/gcc-arm-none-eabi-10.3-2021.10/bin/../lib/gcc/arm-none-eabi/10.3.1/thumb/v7e-m/nofp/crtbegin.o
                0x08000a08                PROVIDE (__init_array_end = .)

.fini_array     0x08000a08        0x4
                [!provide]                PROVIDE (__fini_array_start = .)
 *(SORT_BY_NAME(.fini_array.*))
 *(.fini_array*)
 .fini_array    0x08000a08        0x4 c:/at32ide/platform/tools/gcc-arm-none-eabi-10.3-2021.10/bin/../lib/gcc/arm-none-eabi/10.3.1/thumb/v7e-m/nofp/crtbegin.o
                [!provide]                PROVIDE (__fini_array_end = .)
                0x08000a0c                _sidata = LOADADDR (.data)

.data           0x20000000        0x4 load address 0x08000a0c
                0x20000000                . = ALIGN (0x4)
                0x20000000                _sdata = .
 *(.data)
 *(.data*)
 .data.system_core_clock
                0x20000000        0x4 build/system_at32f435_437.o
                0x20000000                system_core_clock
                0x20000004                . = ALIGN (0x4)
                0x20000004                _edata = .

.igot.plt       0x20000004        0x0 load address 0x08000a10
 .igot.plt      0x20000004        0x0 c:/at32ide/platform/tools/gcc-arm-none-eabi-10.3-2021.10/bin/../lib/gcc/arm-none-eabi/10.3.1/thumb/v7e-m/nofp/crtbegin.o
                0x20000004                . = ALIGN (0x4)

.bss            0x20000004       0x1c load address 0x08000a10
                0x20000004                _sbss = .
                0x20000004                __bss_start__ = _sbss
 *(.bss)
 .bss           0x20000004       0x1c c:/at32ide/platform/tools/gcc-arm-none-eabi-10.3-2021.10/bin/../lib/gcc/arm-none-eabi/10.3.1/thumb/v7e-m/nofp/crtbegin.o
 *(.bss*)
 *(COMMON)
                0x20000020                . = ALIGN (0x4)
                0x20000020                _ebss = .
                0x20000020                __bss_end__ = _ebss

._user_heap_stack
                0x20000020      0x600 load address 0x08000a10
                0x20000020                . = ALIGN (0x8)
                [!provide]                PROVIDE (end = .)
                [!provide]                PROVIDE (_end = .)
                0x20000220                . = (. + _Min_Heap_Size)
 *fill*         0x20000020      0x200 
                0x20000620                . = (. + _Min_Stack_Size)
 *fill*         0x20000220      0x400 
                0x20000620                . = ALIGN (0x8)

/DISCARD/
 libc.a(*)
 libm.a(*)
 libgcc.a(*)

.ARM.attributes
                0x00000000       0x2a
 *(.ARM.attributes)
 .ARM.attributes
                0x00000000       0x1e c:/at32ide/platform/tools/gcc-arm-none-eabi-10.3-2021.10/bin/../lib/gcc/arm-none-eabi/10.3.1/thumb/v7e-m/nofp/crti.o
 .ARM.attributes
                0x0000001e       0x2e c:/at32ide/platform/tools/gcc-arm-none-eabi-10.3-2021.10/bin/../lib/gcc/arm-none-eabi/10.3.1/thumb/v7e-m/nofp/crtbegin.o
 .ARM.attributes
                0x0000004c       0x2e build/system_at32f435_437.o
 .ARM.attributes
                0x0000007a       0x2e build/at32f435_437_crm.o
 .ARM.attributes
                0x000000a8       0x2e build/at32f435_437_clock.o
 .ARM.attributes
                0x000000d6       0x2e build/at32f435_437_int.o
 .ARM.attributes
                0x00000104       0x2e build/main.o
 .ARM.attributes
                0x00000132       0x21 build/startup_at32f435_437.o
 .ARM.attributes
                0x00000153       0x2e c:/at32ide/platform/tools/gcc-arm-none-eabi-10.3-2021.10/bin/../lib/gcc/arm-none-eabi/10.3.1/../../../../arm-none-eabi/lib/thumb/v7e-m/nofp\libc_nano.a(lib_a-init.o)
 .ARM.attributes
                0x00000181       0x1e c:/at32ide/platform/tools/gcc-arm-none-eabi-10.3-2021.10/bin/../lib/gcc/arm-none-eabi/10.3.1/thumb/v7e-m/nofp\libgcc.a(_aeabi_uldivmod.o)
 .ARM.attributes
                0x0000019f       0x2e c:/at32ide/platform/tools/gcc-arm-none-eabi-10.3-2021.10/bin/../lib/gcc/arm-none-eabi/10.3.1/thumb/v7e-m/nofp\libgcc.a(_udivmoddi4.o)
 .ARM.attributes
                0x000001cd       0x1e c:/at32ide/platform/tools/gcc-arm-none-eabi-10.3-2021.10/bin/../lib/gcc/arm-none-eabi/10.3.1/thumb/v7e-m/nofp\libgcc.a(_dvmd_tls.o)
 .ARM.attributes
                0x000001eb       0x1e c:/at32ide/platform/tools/gcc-arm-none-eabi-10.3-2021.10/bin/../lib/gcc/arm-none-eabi/10.3.1/thumb/v7e-m/nofp/crtn.o
OUTPUT(build/app.elf elf32-littlearm)
LOAD linker stubs
LOAD c:/at32ide/platform/tools/gcc-arm-none-eabi-10.3-2021.10/bin/../lib/gcc/arm-none-eabi/10.3.1/../../../../arm-none-eabi/lib/thumb/v7e-m/nofp\libc.a
LOAD c:/at32ide/platform/tools/gcc-arm-none-eabi-10.3-2021.10/bin/../lib/gcc/arm-none-eabi/10.3.1/../../../../arm-none-eabi/lib/thumb/v7e-m/nofp\libm.a
LOAD c:/at32ide/platform/tools/gcc-arm-none-eabi-10.3-2021.10/bin/../lib/gcc/arm-none-eabi/10.3.1/thumb/v7e-m/nofp\libgcc.a

.debug_info     0x00000000     0x727a
 .debug_info    0x00000000     0x23e3 build/system_at32f435_437.o
 .debug_info    0x000023e3     0x366a build/at32f435_437_crm.o
 .debug_info    0x00005a4d     0x162e build/at32f435_437_clock.o
 .debug_info    0x0000707b      0x136 build/at32f435_437_int.o
 .debug_info    0x000071b1       0xa7 build/main.o
 .debug_info    0x00007258       0x22 build/startup_at32f435_437.o

.debug_abbrev   0x00000000      0x778
 .debug_abbrev  0x00000000      0x1ca build/system_at32f435_437.o
 .debug_abbrev  0x000001ca      0x2e2 build/at32f435_437_crm.o
 .debug_abbrev  0x000004ac      0x20b build/at32f435_437_clock.o
 .debug_abbrev  0x000006b7       0x46 build/at32f435_437_int.o
 .debug_abbrev  0x000006fd       0x69 build/main.o
 .debug_abbrev  0x00000766       0x12 build/startup_at32f435_437.o

.debug_loc      0x00000000      0xbad
 .debug_loc     0x00000000      0x19d build/system_at32f435_437.o
 .debug_loc     0x0000019d      0x9d0 build/at32f435_437_crm.o
 .debug_loc     0x00000b6d       0x20 build/at32f435_437_clock.o
 .debug_loc     0x00000b8d       0x20 build/main.o

.debug_aranges  0x00000000      0x228
 .debug_aranges
                0x00000000       0x28 build/system_at32f435_437.o
 .debug_aranges
                0x00000028      0x138 build/at32f435_437_crm.o
 .debug_aranges
                0x00000160       0x20 build/at32f435_437_clock.o
 .debug_aranges
                0x00000180       0x60 build/at32f435_437_int.o
 .debug_aranges
                0x000001e0       0x20 build/main.o
 .debug_aranges
                0x00000200       0x28 build/startup_at32f435_437.o

.debug_ranges   0x00000000      0x1d0
 .debug_ranges  0x00000000       0x18 build/system_at32f435_437.o
 .debug_ranges  0x00000018      0x128 build/at32f435_437_crm.o
 .debug_ranges  0x00000140       0x10 build/at32f435_437_clock.o
 .debug_ranges  0x00000150       0x50 build/at32f435_437_int.o
 .debug_ranges  0x000001a0       0x10 build/main.o
 .debug_ranges  0x000001b0       0x20 build/startup_at32f435_437.o

.debug_line     0x00000000     0x12d7
 .debug_line    0x00000000      0x322 build/system_at32f435_437.o
 .debug_line    0x00000322      0xb45 build/at32f435_437_crm.o
 .debug_line    0x00000e67      0x238 build/at32f435_437_clock.o
 .debug_line    0x0000109f      0x127 build/at32f435_437_int.o
 .debug_line    0x000011c6       0x6c build/main.o
 .debug_line    0x00001232       0xa5 build/startup_at32f435_437.o

.debug_str      0x00000000     0x34ff
 .debug_str     0x00000000      0xe9d build/system_at32f435_437.o
                                0xf3f (size before relaxing)
 .debug_str     0x00000e9d     0x20af build/at32f435_437_crm.o
                               0x2dc9 (size before relaxing)
 .debug_str     0x00002f4c      0x4a4 build/at32f435_437_clock.o
                                0xf71 (size before relaxing)
 .debug_str     0x000033f0       0xa7 build/at32f435_437_int.o
                                0x1d8 (size before relaxing)
 .debug_str     0x00003497       0x10 build/main.o
                                0x155 (size before relaxing)
 .debug_str     0x000034a7       0x58 build/startup_at32f435_437.o
                                 0x75 (size before relaxing)

.comment        0x00000000       0x49
 .comment       0x00000000       0x49 build/system_at32f435_437.o
                                 0x4a (size before relaxing)
 .comment       0x00000049       0x4a build/at32f435_437_crm.o
 .comment       0x00000049       0x4a build/at32f435_437_clock.o
 .comment       0x00000049       0x4a build/at32f435_437_int.o
 .comment       0x00000049       0x4a build/main.o

.debug_frame    0x00000000      0x448
 .debug_frame   0x00000000       0x38 build/system_at32f435_437.o
 .debug_frame   0x00000038      0x294 build/at32f435_437_crm.o
 .debug_frame   0x000002cc       0x28 build/at32f435_437_clock.o
 .debug_frame   0x000002f4       0xa0 build/at32f435_437_int.o
 .debug_frame   0x00000394       0x28 build/main.o
 .debug_frame   0x000003bc       0x2c c:/at32ide/platform/tools/gcc-arm-none-eabi-10.3-2021.10/bin/../lib/gcc/arm-none-eabi/10.3.1/../../../../arm-none-eabi/lib/thumb/v7e-m/nofp\libc_nano.a(lib_a-init.o)
 .debug_frame   0x000003e8       0x2c c:/at32ide/platform/tools/gcc-arm-none-eabi-10.3-2021.10/bin/../lib/gcc/arm-none-eabi/10.3.1/thumb/v7e-m/nofp\libgcc.a(_aeabi_uldivmod.o)
 .debug_frame   0x00000414       0x34 c:/at32ide/platform/tools/gcc-arm-none-eabi-10.3-2021.10/bin/../lib/gcc/arm-none-eabi/10.3.1/thumb/v7e-m/nofp\libgcc.a(_udivmoddi4.o)

Cross Reference Table

Symbol                                            File
ACC_IRQHandler                                    build/startup_at32f435_437.o
ADC1_2_3_IRQHandler                               build/startup_at32f435_437.o
BusFault_Handler                                  build/at32f435_437_int.o
CAN1_RX0_IRQHandler                               build/startup_at32f435_437.o
CAN1_RX1_IRQHandler                               build/startup_at32f435_437.o
CAN1_SE_IRQHandler                                build/startup_at32f435_437.o
CAN1_TX_IRQHandler                                build/startup_at32f435_437.o
CAN2_RX0_IRQHandler                               build/startup_at32f435_437.o
CAN2_RX1_IRQHandler                               build/startup_at32f435_437.o
CAN2_SE_IRQHandler                                build/startup_at32f435_437.o
CAN2_TX_IRQHandler                                build/startup_at32f435_437.o
CRM_IRQHandler                                    build/startup_at32f435_437.o
DMA1_Channel1_IRQHandler                          build/startup_at32f435_437.o
DMA1_Channel2_IRQHandler                          build/startup_at32f435_437.o
DMA1_Channel3_IRQHandler                          build/startup_at32f435_437.o
DMA1_Channel4_IRQHandler                          build/startup_at32f435_437.o
DMA1_Channel5_IRQHandler                          build/startup_at32f435_437.o
DMA1_Channel6_IRQHandler                          build/startup_at32f435_437.o
DMA1_Channel7_IRQHandler                          build/startup_at32f435_437.o
DMA2_Channel1_IRQHandler                          build/startup_at32f435_437.o
DMA2_Channel2_IRQHandler                          build/startup_at32f435_437.o
DMA2_Channel3_IRQHandler                          build/startup_at32f435_437.o
DMA2_Channel4_IRQHandler                          build/startup_at32f435_437.o
DMA2_Channel5_IRQHandler                          build/startup_at32f435_437.o
DMA2_Channel6_IRQHandler                          build/startup_at32f435_437.o
DMA2_Channel7_IRQHandler                          build/startup_at32f435_437.o
DMAMUX_IRQHandler                                 build/startup_at32f435_437.o
DVP_IRQHandler                                    build/startup_at32f435_437.o
DebugMon_Handler                                  build/at32f435_437_int.o
Default_Handler                                   build/startup_at32f435_437.o
EDMA_Stream1_IRQHandler                           build/startup_at32f435_437.o
EDMA_Stream2_IRQHandler                           build/startup_at32f435_437.o
EDMA_Stream3_IRQHandler                           build/startup_at32f435_437.o
EDMA_Stream4_IRQHandler                           build/startup_at32f435_437.o
EDMA_Stream5_IRQHandler                           build/startup_at32f435_437.o
EDMA_Stream6_IRQHandler                           build/startup_at32f435_437.o
EDMA_Stream7_IRQHandler                           build/startup_at32f435_437.o
EDMA_Stream8_IRQHandler                           build/startup_at32f435_437.o
EMAC_IRQHandler                                   build/startup_at32f435_437.o
EMAC_WKUP_IRQHandler                              build/startup_at32f435_437.o
ERTCAlarm_IRQHandler                              build/startup_at32f435_437.o
ERTC_WKUP_IRQHandler                              build/startup_at32f435_437.o
EXINT0_IRQHandler                                 build/startup_at32f435_437.o
EXINT15_10_IRQHandler                             build/startup_at32f435_437.o
EXINT1_IRQHandler                                 build/startup_at32f435_437.o
EXINT2_IRQHandler                                 build/startup_at32f435_437.o
EXINT3_IRQHandler                                 build/startup_at32f435_437.o
EXINT4_IRQHandler                                 build/startup_at32f435_437.o
EXINT9_5_IRQHandler                               build/startup_at32f435_437.o
FLASH_IRQHandler                                  build/startup_at32f435_437.o
FPU_IRQHandler                                    build/startup_at32f435_437.o
HardFault_Handler                                 build/at32f435_437_int.o
I2C1_ERR_IRQHandler                               build/startup_at32f435_437.o
I2C1_EVT_IRQHandler                               build/startup_at32f435_437.o
I2C2_ERR_IRQHandler                               build/startup_at32f435_437.o
I2C2_EVT_IRQHandler                               build/startup_at32f435_437.o
I2C3_ERR_IRQHandler                               build/startup_at32f435_437.o
I2C3_EVT_IRQHandler                               build/startup_at32f435_437.o
MemManage_Handler                                 build/at32f435_437_int.o
NMI_Handler                                       build/at32f435_437_int.o
OTGFS1_IRQHandler                                 build/startup_at32f435_437.o
OTGFS1_WKUP_IRQHandler                            build/startup_at32f435_437.o
OTGFS2_IRQHandler                                 build/startup_at32f435_437.o
OTGFS2_WKUP_IRQHandler                            build/startup_at32f435_437.o
PVM_IRQHandler                                    build/startup_at32f435_437.o
PendSV_Handler                                    build/at32f435_437_int.o
QSPI1_IRQHandler                                  build/startup_at32f435_437.o
QSPI2_IRQHandler                                  build/startup_at32f435_437.o
Reset_Handler                                     build/startup_at32f435_437.o
SDIO1_IRQHandler                                  build/startup_at32f435_437.o
SDIO2_IRQHandler                                  build/startup_at32f435_437.o
SPI1_IRQHandler                                   build/startup_at32f435_437.o
SPI2_I2S2EXT_IRQHandler                           build/startup_at32f435_437.o
SPI3_I2S3EXT_IRQHandler                           build/startup_at32f435_437.o
SPI4_IRQHandler                                   build/startup_at32f435_437.o
SVC_Handler                                       build/at32f435_437_int.o
SysTick_Handler                                   build/at32f435_437_int.o
SystemInit                                        build/system_at32f435_437.o
                                                  build/startup_at32f435_437.o
TAMP_STAMP_IRQHandler                             build/startup_at32f435_437.o
TMR1_BRK_TMR9_IRQHandler                          build/startup_at32f435_437.o
TMR1_CH_IRQHandler                                build/startup_at32f435_437.o
TMR1_OVF_TMR10_IRQHandler                         build/startup_at32f435_437.o
TMR1_TRG_HALL_TMR11_IRQHandler                    build/startup_at32f435_437.o
TMR20_BRK_IRQHandler                              build/startup_at32f435_437.o
TMR20_CH_IRQHandler                               build/startup_at32f435_437.o
TMR20_OVF_IRQHandler                              build/startup_at32f435_437.o
TMR20_TRG_HALL_IRQHandler                         build/startup_at32f435_437.o
TMR2_GLOBAL_IRQHandler                            build/startup_at32f435_437.o
TMR3_GLOBAL_IRQHandler                            build/startup_at32f435_437.o
TMR4_GLOBAL_IRQHandler                            build/startup_at32f435_437.o
TMR5_GLOBAL_IRQHandler                            build/startup_at32f435_437.o
TMR6_DAC_GLOBAL_IRQHandler                        build/startup_at32f435_437.o
TMR7_GLOBAL_IRQHandler                            build/startup_at32f435_437.o
TMR8_BRK_TMR12_IRQHandler                         build/startup_at32f435_437.o
TMR8_CH_IRQHandler                                build/startup_at32f435_437.o
TMR8_OVF_TMR13_IRQHandler                         build/startup_at32f435_437.o
TMR8_TRG_HALL_TMR14_IRQHandler                    build/startup_at32f435_437.o
UART4_IRQHandler                                  build/startup_at32f435_437.o
UART5_IRQHandler                                  build/startup_at32f435_437.o
UART7_IRQHandler                                  build/startup_at32f435_437.o
UART8_IRQHandler                                  build/startup_at32f435_437.o
USART1_IRQHandler                                 build/startup_at32f435_437.o
USART2_IRQHandler                                 build/startup_at32f435_437.o
USART3_IRQHandler                                 build/startup_at32f435_437.o
USART6_IRQHandler                                 build/startup_at32f435_437.o
UsageFault_Handler                                build/at32f435_437_int.o
WWDT_IRQHandler                                   build/startup_at32f435_437.o
XMC_IRQHandler                                    build/startup_at32f435_437.o
__aeabi_idiv0                                     c:/at32ide/platform/tools/gcc-arm-none-eabi-10.3-2021.10/bin/../lib/gcc/arm-none-eabi/10.3.1/thumb/v7e-m/nofp\libgcc.a(_dvmd_tls.o)
__aeabi_ldiv0                                     c:/at32ide/platform/tools/gcc-arm-none-eabi-10.3-2021.10/bin/../lib/gcc/arm-none-eabi/10.3.1/thumb/v7e-m/nofp\libgcc.a(_dvmd_tls.o)
                                                  c:/at32ide/platform/tools/gcc-arm-none-eabi-10.3-2021.10/bin/../lib/gcc/arm-none-eabi/10.3.1/thumb/v7e-m/nofp\libgcc.a(_aeabi_uldivmod.o)
__aeabi_uldivmod                                  c:/at32ide/platform/tools/gcc-arm-none-eabi-10.3-2021.10/bin/../lib/gcc/arm-none-eabi/10.3.1/thumb/v7e-m/nofp\libgcc.a(_aeabi_uldivmod.o)
                                                  build/at32f435_437_crm.o
                                                  build/system_at32f435_437.o
__bss_end__                                       c:/at32ide/platform/tools/gcc-arm-none-eabi-10.3-2021.10/bin/../lib/gcc/arm-none-eabi/10.3.1/../../../../arm-none-eabi/lib/thumb/v7e-m/nofp/crt0.o
__bss_start__                                     c:/at32ide/platform/tools/gcc-arm-none-eabi-10.3-2021.10/bin/../lib/gcc/arm-none-eabi/10.3.1/../../../../arm-none-eabi/lib/thumb/v7e-m/nofp/crt0.o
__call_exitprocs                                  c:/at32ide/platform/tools/gcc-arm-none-eabi-10.3-2021.10/bin/../lib/gcc/arm-none-eabi/10.3.1/../../../../arm-none-eabi/lib/thumb/v7e-m/nofp\libc_nano.a(lib_a-exit.o)
__deregister_frame_info                           c:/at32ide/platform/tools/gcc-arm-none-eabi-10.3-2021.10/bin/../lib/gcc/arm-none-eabi/10.3.1/thumb/v7e-m/nofp/crtbegin.o
__dso_handle                                      c:/at32ide/platform/tools/gcc-arm-none-eabi-10.3-2021.10/bin/../lib/gcc/arm-none-eabi/10.3.1/thumb/v7e-m/nofp/crtbegin.o
__init_array_end                                  c:/at32ide/platform/tools/gcc-arm-none-eabi-10.3-2021.10/bin/../lib/gcc/arm-none-eabi/10.3.1/../../../../arm-none-eabi/lib/thumb/v7e-m/nofp\libc_nano.a(lib_a-init.o)
__init_array_start                                c:/at32ide/platform/tools/gcc-arm-none-eabi-10.3-2021.10/bin/../lib/gcc/arm-none-eabi/10.3.1/../../../../arm-none-eabi/lib/thumb/v7e-m/nofp\libc_nano.a(lib_a-init.o)
__libc_fini_array                                 c:/at32ide/platform/tools/gcc-arm-none-eabi-10.3-2021.10/bin/../lib/gcc/arm-none-eabi/10.3.1/../../../../arm-none-eabi/lib/thumb/v7e-m/nofp/crt0.o
__libc_init_array                                 c:/at32ide/platform/tools/gcc-arm-none-eabi-10.3-2021.10/bin/../lib/gcc/arm-none-eabi/10.3.1/../../../../arm-none-eabi/lib/thumb/v7e-m/nofp\libc_nano.a(lib_a-init.o)
                                                  build/startup_at32f435_437.o
                                                  c:/at32ide/platform/tools/gcc-arm-none-eabi-10.3-2021.10/bin/../lib/gcc/arm-none-eabi/10.3.1/../../../../arm-none-eabi/lib/thumb/v7e-m/nofp/crt0.o
__preinit_array_end                               c:/at32ide/platform/tools/gcc-arm-none-eabi-10.3-2021.10/bin/../lib/gcc/arm-none-eabi/10.3.1/../../../../arm-none-eabi/lib/thumb/v7e-m/nofp\libc_nano.a(lib_a-init.o)
__preinit_array_start                             c:/at32ide/platform/tools/gcc-arm-none-eabi-10.3-2021.10/bin/../lib/gcc/arm-none-eabi/10.3.1/../../../../arm-none-eabi/lib/thumb/v7e-m/nofp\libc_nano.a(lib_a-init.o)
__register_frame_info                             c:/at32ide/platform/tools/gcc-arm-none-eabi-10.3-2021.10/bin/../lib/gcc/arm-none-eabi/10.3.1/thumb/v7e-m/nofp/crtbegin.o
__sf_fake_stderr                                  c:/at32ide/platform/tools/gcc-arm-none-eabi-10.3-2021.10/bin/../lib/gcc/arm-none-eabi/10.3.1/../../../../arm-none-eabi/lib/thumb/v7e-m/nofp\libc_nano.a(lib_a-impure.o)
__sf_fake_stdin                                   c:/at32ide/platform/tools/gcc-arm-none-eabi-10.3-2021.10/bin/../lib/gcc/arm-none-eabi/10.3.1/../../../../arm-none-eabi/lib/thumb/v7e-m/nofp\libc_nano.a(lib_a-impure.o)
__sf_fake_stdout                                  c:/at32ide/platform/tools/gcc-arm-none-eabi-10.3-2021.10/bin/../lib/gcc/arm-none-eabi/10.3.1/../../../../arm-none-eabi/lib/thumb/v7e-m/nofp\libc_nano.a(lib_a-impure.o)
__stack                                           c:/at32ide/platform/tools/gcc-arm-none-eabi-10.3-2021.10/bin/../lib/gcc/arm-none-eabi/10.3.1/../../../../arm-none-eabi/lib/thumb/v7e-m/nofp/crt0.o
__udivmoddi4                                      c:/at32ide/platform/tools/gcc-arm-none-eabi-10.3-2021.10/bin/../lib/gcc/arm-none-eabi/10.3.1/thumb/v7e-m/nofp\libgcc.a(_udivmoddi4.o)
                                                  c:/at32ide/platform/tools/gcc-arm-none-eabi-10.3-2021.10/bin/../lib/gcc/arm-none-eabi/10.3.1/thumb/v7e-m/nofp\libgcc.a(_aeabi_uldivmod.o)
_ebss                                             build/startup_at32f435_437.o
_edata                                            build/startup_at32f435_437.o
_estack                                           build/startup_at32f435_437.o
_exit                                             c:/at32ide/platform/tools/gcc-arm-none-eabi-10.3-2021.10/bin/../lib/gcc/arm-none-eabi/10.3.1/../../../../arm-none-eabi/lib/thumb/v7e-m/nofp\libnosys.a(_exit.o)
                                                  c:/at32ide/platform/tools/gcc-arm-none-eabi-10.3-2021.10/bin/../lib/gcc/arm-none-eabi/10.3.1/../../../../arm-none-eabi/lib/thumb/v7e-m/nofp\libc_nano.a(lib_a-exit.o)
_fini                                             c:/at32ide/platform/tools/gcc-arm-none-eabi-10.3-2021.10/bin/../lib/gcc/arm-none-eabi/10.3.1/thumb/v7e-m/nofp/crti.o
_global_impure_ptr                                c:/at32ide/platform/tools/gcc-arm-none-eabi-10.3-2021.10/bin/../lib/gcc/arm-none-eabi/10.3.1/../../../../arm-none-eabi/lib/thumb/v7e-m/nofp\libc_nano.a(lib_a-impure.o)
                                                  c:/at32ide/platform/tools/gcc-arm-none-eabi-10.3-2021.10/bin/../lib/gcc/arm-none-eabi/10.3.1/../../../../arm-none-eabi/lib/thumb/v7e-m/nofp\libc_nano.a(lib_a-exit.o)
_impure_ptr                                       c:/at32ide/platform/tools/gcc-arm-none-eabi-10.3-2021.10/bin/../lib/gcc/arm-none-eabi/10.3.1/../../../../arm-none-eabi/lib/thumb/v7e-m/nofp\libc_nano.a(lib_a-impure.o)
_init                                             c:/at32ide/platform/tools/gcc-arm-none-eabi-10.3-2021.10/bin/../lib/gcc/arm-none-eabi/10.3.1/thumb/v7e-m/nofp/crti.o
                                                  c:/at32ide/platform/tools/gcc-arm-none-eabi-10.3-2021.10/bin/../lib/gcc/arm-none-eabi/10.3.1/../../../../arm-none-eabi/lib/thumb/v7e-m/nofp\libc_nano.a(lib_a-init.o)
_mainCRTStartup                                   c:/at32ide/platform/tools/gcc-arm-none-eabi-10.3-2021.10/bin/../lib/gcc/arm-none-eabi/10.3.1/../../../../arm-none-eabi/lib/thumb/v7e-m/nofp/crt0.o
_sbss                                             build/startup_at32f435_437.o
_sdata                                            build/startup_at32f435_437.o
_sidata                                           build/startup_at32f435_437.o
_stack_init                                       c:/at32ide/platform/tools/gcc-arm-none-eabi-10.3-2021.10/bin/../lib/gcc/arm-none-eabi/10.3.1/../../../../arm-none-eabi/lib/thumb/v7e-m/nofp/crt0.o
_start                                            c:/at32ide/platform/tools/gcc-arm-none-eabi-10.3-2021.10/bin/../lib/gcc/arm-none-eabi/10.3.1/../../../../arm-none-eabi/lib/thumb/v7e-m/nofp/crt0.o
acc_calibration_mode_enable                       build/at32f435_437_acc.o
acc_flag_clear                                    build/at32f435_437_acc.o
acc_flag_get                                      build/at32f435_437_acc.o
acc_hickcal_get                                   build/at32f435_437_acc.o
acc_hicktrim_get                                  build/at32f435_437_acc.o
acc_interrupt_enable                              build/at32f435_437_acc.o
acc_interrupt_flag_get                            build/at32f435_437_acc.o
acc_read_c1                                       build/at32f435_437_acc.o
acc_read_c2                                       build/at32f435_437_acc.o
acc_read_c3                                       build/at32f435_437_acc.o
acc_sof_select                                    build/at32f435_437_acc.o
acc_step_set                                      build/at32f435_437_acc.o
acc_write_c1                                      build/at32f435_437_acc.o
acc_write_c2                                      build/at32f435_437_acc.o
acc_write_c3                                      build/at32f435_437_acc.o
adc_base_config                                   build/at32f435_437_adc.o
adc_base_default_para_init                        build/at32f435_437_adc.o
adc_calibration_init                              build/at32f435_437_adc.o
adc_calibration_init_status_get                   build/at32f435_437_adc.o
adc_calibration_start                             build/at32f435_437_adc.o
adc_calibration_status_get                        build/at32f435_437_adc.o
adc_calibration_value_set                         build/at32f435_437_adc.o
adc_combine_ordinary_conversion_data_get          build/at32f435_437_adc.o
adc_common_config                                 build/at32f435_437_adc.o
adc_common_default_para_init                      build/at32f435_437_adc.o
adc_conversion_stop                               build/at32f435_437_adc.o
adc_conversion_stop_status_get                    build/at32f435_437_adc.o
adc_dma_mode_enable                               build/at32f435_437_adc.o
adc_dma_request_repeat_enable                     build/at32f435_437_adc.o
adc_enable                                        build/at32f435_437_adc.o
adc_flag_clear                                    build/at32f435_437_adc.o
adc_flag_get                                      build/at32f435_437_adc.o
adc_interrupt_enable                              build/at32f435_437_adc.o
adc_interrupt_flag_get                            build/at32f435_437_adc.o
adc_occe_each_conversion_enable                   build/at32f435_437_adc.o
adc_ordinary_channel_set                          build/at32f435_437_adc.o
adc_ordinary_conversion_data_get                  build/at32f435_437_adc.o
adc_ordinary_conversion_trigger_set               build/at32f435_437_adc.o
adc_ordinary_oversample_enable                    build/at32f435_437_adc.o
adc_ordinary_oversample_restart_set               build/at32f435_437_adc.o
adc_ordinary_oversample_trig_enable               build/at32f435_437_adc.o
adc_ordinary_part_count_set                       build/at32f435_437_adc.o
adc_ordinary_part_mode_enable                     build/at32f435_437_adc.o
adc_ordinary_software_trigger_enable              build/at32f435_437_adc.o
adc_ordinary_software_trigger_status_get          build/at32f435_437_adc.o
adc_oversample_ratio_shift_set                    build/at32f435_437_adc.o
adc_preempt_auto_mode_enable                      build/at32f435_437_adc.o
adc_preempt_channel_length_set                    build/at32f435_437_adc.o
adc_preempt_channel_set                           build/at32f435_437_adc.o
adc_preempt_conversion_data_get                   build/at32f435_437_adc.o
adc_preempt_conversion_trigger_set                build/at32f435_437_adc.o
adc_preempt_offset_value_set                      build/at32f435_437_adc.o
adc_preempt_oversample_enable                     build/at32f435_437_adc.o
adc_preempt_part_mode_enable                      build/at32f435_437_adc.o
adc_preempt_software_trigger_enable               build/at32f435_437_adc.o
adc_preempt_software_trigger_status_get           build/at32f435_437_adc.o
adc_reset                                         build/at32f435_437_adc.o
adc_resolution_set                                build/at32f435_437_adc.o
adc_voltage_battery_enable                        build/at32f435_437_adc.o
adc_voltage_monitor_enable                        build/at32f435_437_adc.o
adc_voltage_monitor_single_channel_select         build/at32f435_437_adc.o
adc_voltage_monitor_threshold_value_set           build/at32f435_437_adc.o
atexit                                            c:/at32ide/platform/tools/gcc-arm-none-eabi-10.3-2021.10/bin/../lib/gcc/arm-none-eabi/10.3.1/../../../../arm-none-eabi/lib/thumb/v7e-m/nofp/crt0.o
can_base_init                                     build/at32f435_437_can.o
can_baudrate_default_para_init                    build/at32f435_437_can.o
can_baudrate_set                                  build/at32f435_437_can.o
can_debug_transmission_prohibit                   build/at32f435_437_can.o
can_default_para_init                             build/at32f435_437_can.o
can_doze_mode_enter                               build/at32f435_437_can.o
can_doze_mode_exit                                build/at32f435_437_can.o
can_error_type_record_get                         build/at32f435_437_can.o
can_filter_default_para_init                      build/at32f435_437_can.o
can_filter_init                                   build/at32f435_437_can.o
can_flag_clear                                    build/at32f435_437_can.o
can_flag_get                                      build/at32f435_437_can.o
can_interrupt_enable                              build/at32f435_437_can.o
can_interrupt_flag_get                            build/at32f435_437_can.o
can_message_receive                               build/at32f435_437_can.o
can_message_transmit                              build/at32f435_437_can.o
can_operating_mode_set                            build/at32f435_437_can.o
can_receive_error_counter_get                     build/at32f435_437_can.o
can_receive_fifo_release                          build/at32f435_437_can.o
can_receive_message_pending_get                   build/at32f435_437_can.o
can_reset                                         build/at32f435_437_can.o
can_transmit_cancel                               build/at32f435_437_can.o
can_transmit_error_counter_get                    build/at32f435_437_can.o
can_transmit_status_get                           build/at32f435_437_can.o
can_ttc_mode_enable                               build/at32f435_437_can.o
crc_block_calculate                               build/at32f435_437_crc.o
crc_common_data_get                               build/at32f435_437_crc.o
crc_common_data_set                               build/at32f435_437_crc.o
crc_data_get                                      build/at32f435_437_crc.o
crc_data_reset                                    build/at32f435_437_crc.o
crc_init_data_set                                 build/at32f435_437_crc.o
crc_one_word_calculate                            build/at32f435_437_crc.o
crc_poly_size_get                                 build/at32f435_437_crc.o
crc_poly_size_set                                 build/at32f435_437_crc.o
crc_poly_value_get                                build/at32f435_437_crc.o
crc_poly_value_set                                build/at32f435_437_crc.o
crc_reverse_input_data_set                        build/at32f435_437_crc.o
crc_reverse_output_data_set                       build/at32f435_437_crc.o
crm_ahb_div_set                                   build/at32f435_437_crm.o
                                                  build/at32f435_437_clock.o
crm_apb1_div_set                                  build/at32f435_437_crm.o
                                                  build/at32f435_437_clock.o
crm_apb2_div_set                                  build/at32f435_437_crm.o
                                                  build/at32f435_437_clock.o
crm_auto_step_mode_enable                         build/at32f435_437_crm.o
                                                  build/at32f435_437_clock.o
crm_battery_powered_domain_reset                  build/at32f435_437_crm.o
crm_clkout_div_set                                build/at32f435_437_crm.o
crm_clkout_to_tmr10_enable                        build/at32f435_437_crm.o
crm_clock_failure_detection_enable                build/at32f435_437_crm.o
crm_clock_out1_set                                build/at32f435_437_crm.o
crm_clock_out2_set                                build/at32f435_437_crm.o
crm_clock_source_enable                           build/at32f435_437_crm.o
                                                  build/at32f435_437_clock.o
crm_clocks_freq_get                               build/at32f435_437_crm.o
                                                  build/at32f435_437_usart.o
                                                  build/at32f435_437_spi.o
                                                  build/at32f435_437_emac.o
crm_emac_output_pulse_set                         build/at32f435_437_crm.o
crm_ertc_clock_enable                             build/at32f435_437_crm.o
crm_ertc_clock_select                             build/at32f435_437_crm.o
crm_flag_clear                                    build/at32f435_437_crm.o
crm_flag_get                                      build/at32f435_437_crm.o
                                                  build/at32f435_437_clock.o
crm_hext_bypass                                   build/at32f435_437_crm.o
crm_hext_stable_wait                              build/at32f435_437_crm.o
                                                  build/at32f435_437_clock.o
crm_hick_clock_calibration_set                    build/at32f435_437_crm.o
crm_hick_clock_trimming_set                       build/at32f435_437_crm.o
crm_hick_divider_select                           build/at32f435_437_crm.o
crm_hick_sclk_frequency_select                    build/at32f435_437_crm.o
crm_interrupt_enable                              build/at32f435_437_crm.o
crm_interrupt_flag_get                            build/at32f435_437_crm.o
crm_lext_bypass                                   build/at32f435_437_crm.o
crm_periph_clock_enable                           build/at32f435_437_crm.o
                                                  build/at32f435_437_clock.o
crm_periph_lowpower_mode_enable                   build/at32f435_437_crm.o
crm_periph_reset                                  build/at32f435_437_crm.o
                                                  build/at32f435_437_wwdt.o
                                                  build/at32f435_437_usart.o
                                                  build/at32f435_437_tmr.o
                                                  build/at32f435_437_spi.o
                                                  build/at32f435_437_scfg.o
                                                  build/at32f435_437_qspi.o
                                                  build/at32f435_437_pwc.o
                                                  build/at32f435_437_i2c.o
                                                  build/at32f435_437_gpio.o
                                                  build/at32f435_437_emac.o
                                                  build/at32f435_437_dvp.o
                                                  build/at32f435_437_dac.o
                                                  build/at32f435_437_can.o
                                                  build/at32f435_437_adc.o
crm_pll_config                                    build/at32f435_437_crm.o
                                                  build/at32f435_437_clock.o
crm_pll_parameter_calculate                       build/at32f435_437_crm.o
crm_reset                                         build/at32f435_437_crm.o
                                                  build/at32f435_437_clock.o
crm_sysclk_switch                                 build/at32f435_437_crm.o
                                                  build/at32f435_437_clock.o
crm_sysclk_switch_status_get                      build/at32f435_437_crm.o
                                                  build/at32f435_437_clock.o
                                                  build/system_at32f435_437.o
crm_usb_clock_div_set                             build/at32f435_437_crm.o
crm_usb_clock_source_select                       build/at32f435_437_crm.o
dac_1_data_set                                    build/at32f435_437_dac.o
dac_2_data_set                                    build/at32f435_437_dac.o
dac_data_output_get                               build/at32f435_437_dac.o
dac_dma_enable                                    build/at32f435_437_dac.o
dac_dual_data_set                                 build/at32f435_437_dac.o
dac_dual_software_trigger_generate                build/at32f435_437_dac.o
dac_enable                                        build/at32f435_437_dac.o
dac_mask_amplitude_select                         build/at32f435_437_dac.o
dac_output_buffer_enable                          build/at32f435_437_dac.o
dac_reset                                         build/at32f435_437_dac.o
dac_software_trigger_generate                     build/at32f435_437_dac.o
dac_trigger_enable                                build/at32f435_437_dac.o
dac_trigger_select                                build/at32f435_437_dac.o
dac_udr_enable                                    build/at32f435_437_dac.o
dac_udr_flag_clear                                build/at32f435_437_dac.o
dac_udr_flag_get                                  build/at32f435_437_dac.o
dac_udr_interrupt_flag_get                        build/at32f435_437_dac.o
dac_wave_generate                                 build/at32f435_437_dac.o
debug_apb1_periph_mode_set                        build/at32f435_437_debug.o
debug_apb2_periph_mode_set                        build/at32f435_437_debug.o
debug_device_id_get                               build/at32f435_437_debug.o
debug_low_power_mode_set                          build/at32f435_437_debug.o
dma_channel_enable                                build/at32f435_437_dma.o
dma_data_number_get                               build/at32f435_437_dma.o
dma_data_number_set                               build/at32f435_437_dma.o
dma_default_para_init                             build/at32f435_437_dma.o
dma_flag_clear                                    build/at32f435_437_dma.o
dma_flag_get                                      build/at32f435_437_dma.o
dma_flexible_config                               build/at32f435_437_dma.o
dma_init                                          build/at32f435_437_dma.o
dma_interrupt_enable                              build/at32f435_437_dma.o
dma_interrupt_flag_get                            build/at32f435_437_dma.o
dma_reset                                         build/at32f435_437_dma.o
dma_rx_desc_to_get                                build/at32f435_437_emac.o
dma_tx_desc_to_set                                build/at32f435_437_emac.o
dmamux_enable                                     build/at32f435_437_dma.o
dmamux_generator_config                           build/at32f435_437_dma.o
dmamux_generator_default_para_init                build/at32f435_437_dma.o
dmamux_generator_flag_clear                       build/at32f435_437_dma.o
dmamux_generator_flag_get                         build/at32f435_437_dma.o
dmamux_generator_interrupt_enable                 build/at32f435_437_dma.o
dmamux_generator_interrupt_flag_get               build/at32f435_437_dma.o
dmamux_init                                       build/at32f435_437_dma.o
dmamux_sync_config                                build/at32f435_437_dma.o
dmamux_sync_default_para_init                     build/at32f435_437_dma.o
dmamux_sync_flag_clear                            build/at32f435_437_dma.o
dmamux_sync_flag_get                              build/at32f435_437_dma.o
dmamux_sync_interrupt_enable                      build/at32f435_437_dma.o
dmamux_sync_interrupt_flag_get                    build/at32f435_437_dma.o
dvp_basic_frame_rate_control_set                  build/at32f435_437_dvp.o
dvp_basic_status_get                              build/at32f435_437_dvp.o
dvp_capture_enable                                build/at32f435_437_dvp.o
dvp_capture_mode_set                              build/at32f435_437_dvp.o
dvp_dma_burst_set                                 build/at32f435_437_dvp.o
dvp_enable                                        build/at32f435_437_dvp.o
dvp_enhanced_data_format_set                      build/at32f435_437_dvp.o
dvp_enhanced_framerate_set                        build/at32f435_437_dvp.o
dvp_enhanced_scaling_resize_enable                build/at32f435_437_dvp.o
dvp_enhanced_scaling_resize_set                   build/at32f435_437_dvp.o
dvp_flag_clear                                    build/at32f435_437_dvp.o
dvp_flag_get                                      build/at32f435_437_dvp.o
dvp_hsync_polarity_set                            build/at32f435_437_dvp.o
dvp_input_data_unused_set                         build/at32f435_437_dvp.o
dvp_interrupt_enable                              build/at32f435_437_dvp.o
dvp_interrupt_flag_get                            build/at32f435_437_dvp.o
dvp_jpeg_enable                                   build/at32f435_437_dvp.o
dvp_monochrome_image_binarization_set             build/at32f435_437_dvp.o
dvp_pclk_polarity_set                             build/at32f435_437_dvp.o
dvp_pixel_data_length_set                         build/at32f435_437_dvp.o
dvp_reset                                         build/at32f435_437_dvp.o
dvp_sync_code_set                                 build/at32f435_437_dvp.o
dvp_sync_event_interrupt_set                      build/at32f435_437_dvp.o
dvp_sync_mode_set                                 build/at32f435_437_dvp.o
dvp_sync_unmask_set                               build/at32f435_437_dvp.o
dvp_vsync_polarity_set                            build/at32f435_437_dvp.o
dvp_window_crop_enable                            build/at32f435_437_dvp.o
dvp_window_crop_set                               build/at32f435_437_dvp.o
dvp_zoomout_select                                build/at32f435_437_dvp.o
dvp_zoomout_set                                   build/at32f435_437_dvp.o
edma_2d_enable                                    build/at32f435_437_edma.o
edma_2d_init                                      build/at32f435_437_edma.o
edma_data_number_get                              build/at32f435_437_edma.o
edma_data_number_set                              build/at32f435_437_edma.o
edma_default_para_init                            build/at32f435_437_edma.o
edma_double_buffer_mode_enable                    build/at32f435_437_edma.o
edma_double_buffer_mode_init                      build/at32f435_437_edma.o
edma_fifo_status_get                              build/at32f435_437_edma.o
edma_flag_clear                                   build/at32f435_437_edma.o
edma_flag_get                                     build/at32f435_437_edma.o
edma_flow_controller_enable                       build/at32f435_437_edma.o
edma_init                                         build/at32f435_437_edma.o
edma_interrupt_enable                             build/at32f435_437_edma.o
edma_interrupt_flag_get                           build/at32f435_437_edma.o
edma_link_list_enable                             build/at32f435_437_edma.o
edma_link_list_init                               build/at32f435_437_edma.o
edma_memory_addr_set                              build/at32f435_437_edma.o
edma_memory_target_get                            build/at32f435_437_edma.o
edma_peripheral_inc_offset_set                    build/at32f435_437_edma.o
edma_reset                                        build/at32f435_437_edma.o
edma_stream_enable                                build/at32f435_437_edma.o
edma_stream_status_get                            build/at32f435_437_edma.o
edmamux_enable                                    build/at32f435_437_edma.o
edmamux_generator_config                          build/at32f435_437_edma.o
edmamux_generator_default_para_init               build/at32f435_437_edma.o
edmamux_generator_flag_clear                      build/at32f435_437_edma.o
edmamux_generator_flag_get                        build/at32f435_437_edma.o
edmamux_generator_interrupt_enable                build/at32f435_437_edma.o
edmamux_generator_interrupt_flag_get              build/at32f435_437_edma.o
edmamux_init                                      build/at32f435_437_edma.o
edmamux_sync_config                               build/at32f435_437_edma.o
edmamux_sync_default_para_init                    build/at32f435_437_edma.o
edmamux_sync_flag_clear                           build/at32f435_437_edma.o
edmamux_sync_flag_get                             build/at32f435_437_edma.o
edmamux_sync_interrupt_enable                     build/at32f435_437_edma.o
edmamux_sync_interrupt_flag_get                   build/at32f435_437_edma.o
emac_address_filter_set                           build/at32f435_437_emac.o
emac_auto_pad_crc_stripping_set                   build/at32f435_437_emac.o
emac_backoff_limit_set                            build/at32f435_437_emac.o
emac_broadcast_frames_disable                     build/at32f435_437_emac.o
emac_carrier_sense_disable                        build/at32f435_437_emac.o
emac_clock_range_set                              build/at32f435_437_emac.o
emac_control_config                               build/at32f435_437_emac.o
emac_control_para_init                            build/at32f435_437_emac.o
emac_deferral_check_set                           build/at32f435_437_emac.o
emac_dma_address_aligned_beats_set                build/at32f435_437_emac.o
emac_dma_alternate_desc_size                      build/at32f435_437_emac.o
emac_dma_application_missing_frame_get            build/at32f435_437_emac.o
emac_dma_arbitation_set                           build/at32f435_437_emac.o
emac_dma_config                                   build/at32f435_437_emac.o
emac_dma_controller_missing_frame_get             build/at32f435_437_emac.o
emac_dma_descriptor_list_address_get              build/at32f435_437_emac.o
emac_dma_descriptor_list_address_set              build/at32f435_437_emac.o
emac_dma_descriptor_skip_length_set               build/at32f435_437_emac.o
emac_dma_eight_pbl_mode_set                       build/at32f435_437_emac.o
emac_dma_fifo_overflow_bit_get                    build/at32f435_437_emac.o
emac_dma_flag_clear                               build/at32f435_437_emac.o
emac_dma_flag_get                                 build/at32f435_437_emac.o
emac_dma_interrupt_enable                         build/at32f435_437_emac.o
emac_dma_interrupt_flag_get                       build/at32f435_437_emac.o
emac_dma_missing_overflow_bit_get                 build/at32f435_437_emac.o
emac_dma_operations_set                           build/at32f435_437_emac.o
emac_dma_para_init                                build/at32f435_437_emac.o
emac_dma_poll_demand_get                          build/at32f435_437_emac.o
emac_dma_poll_demand_set                          build/at32f435_437_emac.o
emac_dma_receive_status_get                       build/at32f435_437_emac.o
emac_dma_receive_threshold_set                    build/at32f435_437_emac.o
emac_dma_rx_desc_interrupt_config                 build/at32f435_437_emac.o
emac_dma_separate_pbl_set                         build/at32f435_437_emac.o
emac_dma_software_reset_get                       build/at32f435_437_emac.o
emac_dma_software_reset_set                       build/at32f435_437_emac.o
emac_dma_tansfer_address_get                      build/at32f435_437_emac.o
emac_dma_transmit_status_get                      build/at32f435_437_emac.o
emac_dma_transmit_threshold_set                   build/at32f435_437_emac.o
emac_dmarxdesc_frame_length_get                   build/at32f435_437_emac.o
emac_dstaddr_inverse_filter_set                   build/at32f435_437_emac.o
emac_duplex_mode_set                              build/at32f435_437_emac.o
emac_fast_speed_set                               build/at32f435_437_emac.o
emac_fcb_bpa_set                                  build/at32f435_437_emac.o
emac_global_unicast_set                           build/at32f435_437_emac.o
emac_hash_multicast_set                           build/at32f435_437_emac.o
emac_hash_perfect_filter_set                      build/at32f435_437_emac.o
emac_hash_table_high32bits_set                    build/at32f435_437_emac.o
emac_hash_table_low32bits_set                     build/at32f435_437_emac.o
emac_hash_unicast_set                             build/at32f435_437_emac.o
emac_interframe_gap_set                           build/at32f435_437_emac.o
emac_interrupt_mask_set                           build/at32f435_437_emac.o
emac_interrupt_status_read                        build/at32f435_437_emac.o
emac_ipv4_checksum_offload_set                    build/at32f435_437_emac.o
emac_jabber_disable                               build/at32f435_437_emac.o
emac_local_address_set                            build/at32f435_437_emac.o
emac_loopback_mode_enable                         build/at32f435_437_emac.o
emac_magic_packet_enable                          build/at32f435_437_emac.o
emac_mii_busy_get                                 build/at32f435_437_emac.o
emac_mii_write                                    build/at32f435_437_emac.o
emac_mmc_counter_freeze                           build/at32f435_437_emac.o
emac_mmc_counter_reset                            build/at32f435_437_emac.o
emac_mmc_received_error_frames_get                build/at32f435_437_emac.o
emac_mmc_received_interrupt_mask_set              build/at32f435_437_emac.o
emac_mmc_received_status_get                      build/at32f435_437_emac.o
emac_mmc_reset_on_read_enable                     build/at32f435_437_emac.o
emac_mmc_rollover_stop                            build/at32f435_437_emac.o
emac_mmc_transmit_good_frames_get                 build/at32f435_437_emac.o
emac_mmc_transmit_interrupt_mask_set              build/at32f435_437_emac.o
emac_mmc_transmit_status_get                      build/at32f435_437_emac.o
emac_pass_all_multicasting_set                    build/at32f435_437_emac.o
emac_pass_control_frames_set                      build/at32f435_437_emac.o
emac_pause_low_threshold_set                      build/at32f435_437_emac.o
emac_pause_time_set                               build/at32f435_437_emac.o
emac_phy_register_read                            build/at32f435_437_emac.o
emac_phy_register_write                           build/at32f435_437_emac.o
emac_power_down_set                               build/at32f435_437_emac.o
emac_promiscuous_mode_set                         build/at32f435_437_emac.o
emac_ptp_addend_register_update                   build/at32f435_437_emac.o
emac_ptp_clock_node_set                           build/at32f435_437_emac.o
emac_ptp_dma_descriptor_list_address_set          build/at32f435_437_emac.o
emac_ptp_flag_get                                 build/at32f435_437_emac.o
emac_ptp_interrupt_trigger_enable                 build/at32f435_437_emac.o
emac_ptp_mac_address_filter_enable                build/at32f435_437_emac.o
emac_ptp_pps_frequency_set                        build/at32f435_437_emac.o
emac_ptp_psv2_enable                              build/at32f435_437_emac.o
emac_ptp_snapshot_emac_frames_enable              build/at32f435_437_emac.o
emac_ptp_snapshot_event_message_enable            build/at32f435_437_emac.o
emac_ptp_snapshot_ipv4_frames_enable              build/at32f435_437_emac.o
emac_ptp_snapshot_ipv6_frames_enable              build/at32f435_437_emac.o
emac_ptp_snapshot_master_event_enable             build/at32f435_437_emac.o
emac_ptp_snapshot_received_frames_enable          build/at32f435_437_emac.o
emac_ptp_subsecond_increment_set                  build/at32f435_437_emac.o
emac_ptp_subsecond_rollover_enable                build/at32f435_437_emac.o
emac_ptp_system_second_get                        build/at32f435_437_emac.o
emac_ptp_system_subsecond_get                     build/at32f435_437_emac.o
emac_ptp_system_time_set                          build/at32f435_437_emac.o
emac_ptp_system_time_sign_get                     build/at32f435_437_emac.o
emac_ptp_target_nanosecond_set                    build/at32f435_437_emac.o
emac_ptp_target_second_set                        build/at32f435_437_emac.o
emac_ptp_timestamp_addend_set                     build/at32f435_437_emac.o
emac_ptp_timestamp_enable                         build/at32f435_437_emac.o
emac_ptp_timestamp_fine_update_enable             build/at32f435_437_emac.o
emac_ptp_timestamp_status_get                     build/at32f435_437_emac.o
emac_ptp_timestamp_system_time_init               build/at32f435_437_emac.o
emac_ptp_timestamp_system_time_update             build/at32f435_437_emac.o
emac_receive_all_set                              build/at32f435_437_emac.o
emac_receive_flow_control_enable                  build/at32f435_437_emac.o
emac_receive_own_disable                          build/at32f435_437_emac.o
emac_received_magic_packet_get                    build/at32f435_437_emac.o
emac_received_packet_size_get                     build/at32f435_437_emac.o
emac_received_wakeup_frame_get                    build/at32f435_437_emac.o
emac_receiver_enable                              build/at32f435_437_emac.o
emac_reset                                        build/at32f435_437_emac.o
emac_retry_disable                                build/at32f435_437_emac.o
emac_srcaddr_filter_set                           build/at32f435_437_emac.o
emac_srcaddr_inverse_filter_set                   build/at32f435_437_emac.o
emac_start                                        build/at32f435_437_emac.o
emac_stop                                         build/at32f435_437_emac.o
emac_transmit_flow_control_enable                 build/at32f435_437_emac.o
emac_trasmitter_enable                            build/at32f435_437_emac.o
emac_unicast_pause_frame_detect                   build/at32f435_437_emac.o
emac_vlan_tag_comparison_set                      build/at32f435_437_emac.o
emac_vlan_tag_identifier_set                      build/at32f435_437_emac.o
emac_wakeup_frame_enable                          build/at32f435_437_emac.o
emac_wakeup_frame_filter_reset                    build/at32f435_437_emac.o
emac_wakeup_frame_get                             build/at32f435_437_emac.o
emac_wakeup_frame_set                             build/at32f435_437_emac.o
emac_watchdog_disable                             build/at32f435_437_emac.o
emac_zero_quanta_pause_disable                    build/at32f435_437_emac.o
ertc_alarm_enable                                 build/at32f435_437_ertc.o
ertc_alarm_get                                    build/at32f435_437_ertc.o
ertc_alarm_mask_set                               build/at32f435_437_ertc.o
ertc_alarm_set                                    build/at32f435_437_ertc.o
ertc_alarm_sub_second_get                         build/at32f435_437_ertc.o
ertc_alarm_sub_second_set                         build/at32f435_437_ertc.o
ertc_alarm_week_date_select                       build/at32f435_437_ertc.o
ertc_bcd_to_num                                   build/at32f435_437_ertc.o
ertc_bpr_data_read                                build/at32f435_437_ertc.o
ertc_bpr_data_write                               build/at32f435_437_ertc.o
ertc_cal_output_enable                            build/at32f435_437_ertc.o
ertc_cal_output_select                            build/at32f435_437_ertc.o
ertc_calendar_get                                 build/at32f435_437_ertc.o
ertc_coarse_calibration_enable                    build/at32f435_437_ertc.o
ertc_coarse_calibration_set                       build/at32f435_437_ertc.o
ertc_date_set                                     build/at32f435_437_ertc.o
ertc_daylight_bpr_get                             build/at32f435_437_ertc.o
ertc_daylight_set                                 build/at32f435_437_ertc.o
ertc_direct_read_enable                           build/at32f435_437_ertc.o
ertc_divider_set                                  build/at32f435_437_ertc.o
ertc_flag_clear                                   build/at32f435_437_ertc.o
ertc_flag_get                                     build/at32f435_437_ertc.o
ertc_hour_mode_set                                build/at32f435_437_ertc.o
ertc_init_mode_enter                              build/at32f435_437_ertc.o
ertc_init_mode_exit                               build/at32f435_437_ertc.o
ertc_interrupt_enable                             build/at32f435_437_ertc.o
ertc_interrupt_flag_get                           build/at32f435_437_ertc.o
ertc_interrupt_get                                build/at32f435_437_ertc.o
ertc_num_to_bcd                                   build/at32f435_437_ertc.o
ertc_output_set                                   build/at32f435_437_ertc.o
ertc_refer_clock_detect_enable                    build/at32f435_437_ertc.o
ertc_reset                                        build/at32f435_437_ertc.o
ertc_smooth_calibration_config                    build/at32f435_437_ertc.o
ertc_sub_second_get                               build/at32f435_437_ertc.o
ertc_tamper_1_pin_select                          build/at32f435_437_ertc.o
ertc_tamper_detect_freq_set                       build/at32f435_437_ertc.o
ertc_tamper_enable                                build/at32f435_437_ertc.o
ertc_tamper_filter_set                            build/at32f435_437_ertc.o
ertc_tamper_precharge_set                         build/at32f435_437_ertc.o
ertc_tamper_pull_up_enable                        build/at32f435_437_ertc.o
ertc_tamper_timestamp_enable                      build/at32f435_437_ertc.o
ertc_tamper_valid_edge_set                        build/at32f435_437_ertc.o
ertc_time_adjust                                  build/at32f435_437_ertc.o
ertc_time_set                                     build/at32f435_437_ertc.o
ertc_timestamp_enable                             build/at32f435_437_ertc.o
ertc_timestamp_get                                build/at32f435_437_ertc.o
ertc_timestamp_pin_select                         build/at32f435_437_ertc.o
ertc_timestamp_sub_second_get                     build/at32f435_437_ertc.o
ertc_timestamp_valid_edge_set                     build/at32f435_437_ertc.o
ertc_wait_flag                                    build/at32f435_437_ertc.o
ertc_wait_update                                  build/at32f435_437_ertc.o
ertc_wakeup_clock_set                             build/at32f435_437_ertc.o
ertc_wakeup_counter_get                           build/at32f435_437_ertc.o
ertc_wakeup_counter_set                           build/at32f435_437_ertc.o
ertc_wakeup_enable                                build/at32f435_437_ertc.o
ertc_write_protect_disable                        build/at32f435_437_ertc.o
ertc_write_protect_enable                         build/at32f435_437_ertc.o
exint_default_para_init                           build/at32f435_437_exint.o
exint_event_enable                                build/at32f435_437_exint.o
exint_flag_clear                                  build/at32f435_437_exint.o
exint_flag_get                                    build/at32f435_437_exint.o
exint_init                                        build/at32f435_437_exint.o
exint_interrupt_enable                            build/at32f435_437_exint.o
exint_interrupt_flag_get                          build/at32f435_437_exint.o
exint_reset                                       build/at32f435_437_exint.o
exint_software_interrupt_event_generate           build/at32f435_437_exint.o
exit                                              c:/at32ide/platform/tools/gcc-arm-none-eabi-10.3-2021.10/bin/../lib/gcc/arm-none-eabi/10.3.1/../../../../arm-none-eabi/lib/thumb/v7e-m/nofp\libc_nano.a(lib_a-exit.o)
                                                  c:/at32ide/platform/tools/gcc-arm-none-eabi-10.3-2021.10/bin/../lib/gcc/arm-none-eabi/10.3.1/../../../../arm-none-eabi/lib/thumb/v7e-m/nofp/crt0.o
flash_bank1_erase                                 build/at32f435_437_flash.o
flash_bank1_lock                                  build/at32f435_437_flash.o
flash_bank1_operation_status_get                  build/at32f435_437_flash.o
flash_bank1_operation_wait_for                    build/at32f435_437_flash.o
flash_bank1_unlock                                build/at32f435_437_flash.o
flash_bank2_erase                                 build/at32f435_437_flash.o
flash_bank2_lock                                  build/at32f435_437_flash.o
flash_bank2_operation_status_get                  build/at32f435_437_flash.o
flash_bank2_operation_wait_for                    build/at32f435_437_flash.o
flash_bank2_unlock                                build/at32f435_437_flash.o
flash_block_erase                                 build/at32f435_437_flash.o
flash_byte_program                                build/at32f435_437_flash.o
flash_continue_read_enable                        build/at32f435_437_flash.o
flash_crc_calibrate                               build/at32f435_437_flash.o
flash_eopb0_config                                build/at32f435_437_flash.o
flash_epp_set                                     build/at32f435_437_flash.o
flash_epp_status_get                              build/at32f435_437_flash.o
flash_fap_enable                                  build/at32f435_437_flash.o
flash_fap_status_get                              build/at32f435_437_flash.o
flash_flag_clear                                  build/at32f435_437_flash.o
flash_flag_get                                    build/at32f435_437_flash.o
flash_halfword_program                            build/at32f435_437_flash.o
flash_internal_all_erase                          build/at32f435_437_flash.o
flash_interrupt_enable                            build/at32f435_437_flash.o
flash_lock                                        build/at32f435_437_flash.o
flash_nzw_boost_enable                            build/at32f435_437_flash.o
flash_operation_status_get                        build/at32f435_437_flash.o
flash_operation_wait_for                          build/at32f435_437_flash.o
flash_sector_erase                                build/at32f435_437_flash.o
flash_slib_disable                                build/at32f435_437_flash.o
flash_slib_enable                                 build/at32f435_437_flash.o
flash_slib_end_sector_get                         build/at32f435_437_flash.o
flash_slib_inststart_sector_get                   build/at32f435_437_flash.o
flash_slib_remaining_count_get                    build/at32f435_437_flash.o
flash_slib_start_sector_get                       build/at32f435_437_flash.o
flash_slib_state_get                              build/at32f435_437_flash.o
flash_ssb_set                                     build/at32f435_437_flash.o
flash_ssb_status_get                              build/at32f435_437_flash.o
flash_unlock                                      build/at32f435_437_flash.o
flash_user_system_data_erase                      build/at32f435_437_flash.o
flash_user_system_data_program                    build/at32f435_437_flash.o
flash_word_program                                build/at32f435_437_flash.o
g_pfnVectors                                      build/startup_at32f435_437.o
gpio_bits_reset                                   build/at32f435_437_gpio.o
gpio_bits_set                                     build/at32f435_437_gpio.o
gpio_bits_write                                   build/at32f435_437_gpio.o
gpio_default_para_init                            build/at32f435_437_gpio.o
gpio_init                                         build/at32f435_437_gpio.o
gpio_input_data_bit_read                          build/at32f435_437_gpio.o
gpio_input_data_read                              build/at32f435_437_gpio.o
gpio_output_data_bit_read                         build/at32f435_437_gpio.o
gpio_output_data_read                             build/at32f435_437_gpio.o
gpio_pin_mux_config                               build/at32f435_437_gpio.o
gpio_pin_wp_config                                build/at32f435_437_gpio.o
gpio_pins_huge_driven_config                      build/at32f435_437_gpio.o
gpio_port_write                                   build/at32f435_437_gpio.o
gpio_reset                                        build/at32f435_437_gpio.o
hardware_init_hook                                c:/at32ide/platform/tools/gcc-arm-none-eabi-10.3-2021.10/bin/../lib/gcc/arm-none-eabi/10.3.1/../../../../arm-none-eabi/lib/thumb/v7e-m/nofp/crt0.o
i2c_ack_enable                                    build/at32f435_437_i2c.o
i2c_addr10_header_enable                          build/at32f435_437_i2c.o
i2c_addr10_mode_enable                            build/at32f435_437_i2c.o
i2c_auto_stop_enable                              build/at32f435_437_i2c.o
i2c_clock_stretch_enable                          build/at32f435_437_i2c.o
i2c_cnt_set                                       build/at32f435_437_i2c.o
i2c_data_receive                                  build/at32f435_437_i2c.o
i2c_data_send                                     build/at32f435_437_i2c.o
i2c_dma_enable                                    build/at32f435_437_i2c.o
i2c_enable                                        build/at32f435_437_i2c.o
i2c_ext_timeout_enable                            build/at32f435_437_i2c.o
i2c_ext_timeout_set                               build/at32f435_437_i2c.o
i2c_flag_clear                                    build/at32f435_437_i2c.o
i2c_flag_get                                      build/at32f435_437_i2c.o
i2c_general_call_enable                           build/at32f435_437_i2c.o
i2c_init                                          build/at32f435_437_i2c.o
i2c_interrupt_enable                              build/at32f435_437_i2c.o
i2c_interrupt_flag_get                            build/at32f435_437_i2c.o
i2c_interrupt_get                                 build/at32f435_437_i2c.o
i2c_matched_addr_get                              build/at32f435_437_i2c.o
i2c_own_address1_set                              build/at32f435_437_i2c.o
i2c_own_address2_enable                           build/at32f435_437_i2c.o
i2c_own_address2_set                              build/at32f435_437_i2c.o
i2c_pec_calculate_enable                          build/at32f435_437_i2c.o
i2c_pec_transmit_enable                           build/at32f435_437_i2c.o
i2c_pec_value_get                                 build/at32f435_437_i2c.o
i2c_reload_enable                                 build/at32f435_437_i2c.o
i2c_reset                                         build/at32f435_437_i2c.o
i2c_slave_data_ctrl_enable                        build/at32f435_437_i2c.o
i2c_smbus_alert_set                               build/at32f435_437_i2c.o
i2c_smbus_enable                                  build/at32f435_437_i2c.o
i2c_start_generate                                build/at32f435_437_i2c.o
i2c_stop_generate                                 build/at32f435_437_i2c.o
i2c_timeout_detcet_set                            build/at32f435_437_i2c.o
i2c_timeout_enable                                build/at32f435_437_i2c.o
i2c_timeout_set                                   build/at32f435_437_i2c.o
i2c_transfer_addr_get                             build/at32f435_437_i2c.o
i2c_transfer_addr_set                             build/at32f435_437_i2c.o
i2c_transfer_dir_get                              build/at32f435_437_i2c.o
i2c_transfer_dir_set                              build/at32f435_437_i2c.o
i2c_transmit_set                                  build/at32f435_437_i2c.o
i2s_default_para_init                             build/at32f435_437_spi.o
i2s_enable                                        build/at32f435_437_spi.o
i2s_init                                          build/at32f435_437_spi.o
main                                              build/main.o
                                                  build/startup_at32f435_437.o
                                                  c:/at32ide/platform/tools/gcc-arm-none-eabi-10.3-2021.10/bin/../lib/gcc/arm-none-eabi/10.3.1/../../../../arm-none-eabi/lib/thumb/v7e-m/nofp/crt0.o
memcpy                                            c:/at32ide/platform/tools/gcc-arm-none-eabi-10.3-2021.10/bin/../lib/gcc/arm-none-eabi/10.3.1/../../../../arm-none-eabi/lib/thumb/v7e-m/nofp\libc_nano.a(lib_a-memcpy-stub.o)
                                                  build/stream_buffer.o
                                                  build/queue.o
memset                                            c:/at32ide/platform/tools/gcc-arm-none-eabi-10.3-2021.10/bin/../lib/gcc/arm-none-eabi/10.3.1/../../../../arm-none-eabi/lib/thumb/v7e-m/nofp\libc_nano.a(lib_a-memset.o)
                                                  build/stream_buffer.o
                                                  c:/at32ide/platform/tools/gcc-arm-none-eabi-10.3-2021.10/bin/../lib/gcc/arm-none-eabi/10.3.1/../../../../arm-none-eabi/lib/thumb/v7e-m/nofp/crt0.o
nvic_irq_disable                                  build/at32f435_437_misc.o
nvic_irq_enable                                   build/at32f435_437_misc.o
nvic_lowpower_mode_config                         build/at32f435_437_misc.o
nvic_priority_group_config                        build/at32f435_437_misc.o
nvic_system_reset                                 build/at32f435_437_misc.o
nvic_vector_table_set                             build/at32f435_437_misc.o
pcTaskGetName                                     build/tasks.o
ptp_dma_rx_desc_to_get                            build/at32f435_437_emac.o
ptp_dma_tx_desc_to_set                            build/at32f435_437_emac.o
pvPortMalloc                                      build/heap_4.o
                                                  build/tasks.o
                                                  build/stream_buffer.o
                                                  build/queue.o
                                                  build/event_groups.o
pwc_battery_powered_domain_access                 build/at32f435_437_pwc.o
pwc_deep_sleep_mode_enter                         build/at32f435_437_pwc.o
pwc_flag_clear                                    build/at32f435_437_pwc.o
pwc_flag_get                                      build/at32f435_437_pwc.o
pwc_power_voltage_monitor_enable                  build/at32f435_437_pwc.o
pwc_pvm_level_select                              build/at32f435_437_pwc.o
pwc_reset                                         build/at32f435_437_pwc.o
pwc_sleep_mode_enter                              build/at32f435_437_pwc.o
pwc_standby_mode_enter                            build/at32f435_437_pwc.o
pwc_voltage_regulate_set                          build/at32f435_437_pwc.o
pwc_wakeup_pin_enable                             build/at32f435_437_pwc.o
pxCurrentTCB                                      build/tasks.o
pxPortInitialiseStack                             build/tasks.o
qspi_auto_ispc_enable                             build/at32f435_437_qspi.o
qspi_busy_config                                  build/at32f435_437_qspi.o
qspi_byte_read                                    build/at32f435_437_qspi.o
qspi_byte_write                                   build/at32f435_437_qspi.o
qspi_clk_division_set                             build/at32f435_437_qspi.o
qspi_cmd_operation_kick                           build/at32f435_437_qspi.o
qspi_dma_enable                                   build/at32f435_437_qspi.o
qspi_dma_rx_threshold_set                         build/at32f435_437_qspi.o
qspi_dma_tx_threshold_set                         build/at32f435_437_qspi.o
qspi_encryption_enable                            build/at32f435_437_qspi.o
qspi_flag_clear                                   build/at32f435_437_qspi.o
qspi_flag_get                                     build/at32f435_437_qspi.o
qspi_half_word_read                               build/at32f435_437_qspi.o
qspi_half_word_write                              build/at32f435_437_qspi.o
qspi_interrupt_enable                             build/at32f435_437_qspi.o
qspi_interrupt_flag_get                           build/at32f435_437_qspi.o
qspi_reset                                        build/at32f435_437_qspi.o
qspi_sck_mode_set                                 build/at32f435_437_qspi.o
qspi_word_read                                    build/at32f435_437_qspi.o
qspi_word_write                                   build/at32f435_437_qspi.o
qspi_xip_cache_bypass_set                         build/at32f435_437_qspi.o
qspi_xip_enable                                   build/at32f435_437_qspi.o
qspi_xip_init                                     build/at32f435_437_qspi.o
scfg_emac_interface_set                           build/at32f435_437_scfg.o
scfg_exint_line_config                            build/at32f435_437_scfg.o
scfg_infrared_config                              build/at32f435_437_scfg.o
scfg_mem_map_set                                  build/at32f435_437_scfg.o
scfg_pins_ultra_driven_enable                     build/at32f435_437_scfg.o
scfg_reset                                        build/at32f435_437_scfg.o
scfg_xmc_mapping_swap_set                         build/at32f435_437_scfg.o
sdio_buffer_counter_get                           build/at32f435_437_sdio.o
sdio_bus_width_config                             build/at32f435_437_sdio.o
sdio_clock_bypass                                 build/at32f435_437_sdio.o
sdio_clock_config                                 build/at32f435_437_sdio.o
sdio_clock_enable                                 build/at32f435_437_sdio.o
sdio_command_config                               build/at32f435_437_sdio.o
sdio_command_response_get                         build/at32f435_437_sdio.o
sdio_command_state_machine_enable                 build/at32f435_437_sdio.o
sdio_data_config                                  build/at32f435_437_sdio.o
sdio_data_counter_get                             build/at32f435_437_sdio.o
sdio_data_read                                    build/at32f435_437_sdio.o
sdio_data_state_machine_enable                    build/at32f435_437_sdio.o
sdio_data_write                                   build/at32f435_437_sdio.o
sdio_dma_enable                                   build/at32f435_437_sdio.o
sdio_flag_clear                                   build/at32f435_437_sdio.o
sdio_flag_get                                     build/at32f435_437_sdio.o
sdio_flow_control_enable                          build/at32f435_437_sdio.o
sdio_interrupt_enable                             build/at32f435_437_sdio.o
sdio_interrupt_flag_get                           build/at32f435_437_sdio.o
sdio_io_function_enable                           build/at32f435_437_sdio.o